// Jest Snapshot v1, https://goo.gl/fbAQLP

exports[`Verify correct renderization of CustomModal Component 1`] = `<DocumentFragment />`;
