// Jest Snapshot v1, https://goo.gl/fbAQLP

exports[`Verify correct renderization of HeaderLinks Component 1`] = `
<DocumentFragment>
  <ul
    class="ant-menu-overflow ant-menu ant-menu-root ant-menu-horizontal ant-menu-light"
    data-menu-list="true"
    role="menu"
    tabindex="0"
  >
    <li
      class="ant-menu-overflow-item ant-menu-item ant-menu-item-only-child"
      data-menu-id="rc-menu-uuid-test-1"
      link="business"
      role="menuitem"
      style="opacity: 1; order: 0;"
      tabindex="-1"
    >
      <span
        class="ant-menu-title-content"
      >
        Negocio
      </span>
    </li>
    <li
      class="ant-menu-overflow-item ant-menu-item ant-menu-item-only-child"
      link="clasifications"
      role="menuitem"
      style="opacity: 1; order: 1;"
      tabindex="-1"
    >
      <span
        class="ant-menu-title-content"
      >
        Clasificaciones
      </span>
    </li>
    <li
      class="ant-menu-overflow-item ant-menu-item ant-menu-item-only-child"
      link="clients"
      role="menuitem"
      style="opacity: 1; order: 2;"
      tabindex="-1"
    >
      <span
        class="ant-menu-title-content"
      >
        Clientes
      </span>
    </li>
    <li
      aria-hidden="true"
      class="ant-menu-overflow-item ant-menu-overflow-item-rest ant-menu-submenu ant-menu-submenu-horizontal"
      role="none"
      style="opacity: 0; height: 0px; overflow-y: hidden; order: 9007199254740991; pointer-events: none; position: absolute;"
    >
      <div
        aria-controls="rc-menu-uuid-test-rc-menu-more-popup"
        aria-expanded="false"
        aria-haspopup="true"
        class="ant-menu-submenu-title"
        data-menu-id="rc-menu-uuid-test-rc-menu-more"
        role="menuitem"
        tabindex="-1"
      >
        <span
          aria-label="ellipsis"
          class="anticon anticon-ellipsis"
          role="img"
        >
          <svg
            aria-hidden="true"
            data-icon="ellipsis"
            fill="currentColor"
            focusable="false"
            height="1em"
            viewBox="64 64 896 896"
            width="1em"
          >
            <path
              d="M176 511a56 56 0 10112 0 56 56 0 10-112 0zm280 0a56 56 0 10112 0 56 56 0 10-112 0zm280 0a56 56 0 10112 0 56 56 0 10-112 0z"
            />
          </svg>
        </span>
        <i
          class="ant-menu-submenu-arrow"
        />
      </div>
    </li>
  </ul>
  <div
    aria-hidden="true"
    style="display: none;"
  />
  <ul
    class="ant-menu-overflow ant-menu ant-menu-root ant-menu-horizontal ant-menu-light"
    data-menu-list="true"
    role="menu"
    style="position: absolute; top: 0px; right: 0px;"
    tabindex="0"
  >
    <li
      class="ant-menu-overflow-item ant-menu-item ant-menu-item-only-child"
      data-menu-id="rc-menu-uuid-test-loginbtn"
      role="menuitem"
      style="opacity: 1; order: 0;"
      tabindex="-1"
    >
      <span
        class="ant-menu-title-content"
      >
        Login
      </span>
    </li>
    <li
      aria-hidden="true"
      class="ant-menu-overflow-item ant-menu-overflow-item-rest ant-menu-submenu ant-menu-submenu-horizontal ant-menu-submenu-disabled"
      role="none"
      style="opacity: 0; height: 0px; overflow-y: hidden; order: 9007199254740991; pointer-events: none; position: absolute;"
    >
      <div
        aria-controls="rc-menu-uuid-test-rc-menu-more-popup"
        aria-disabled="true"
        aria-expanded="false"
        aria-haspopup="true"
        class="ant-menu-submenu-title"
        data-menu-id="rc-menu-uuid-test-rc-menu-more"
        role="menuitem"
      >
        <span
          aria-label="ellipsis"
          class="anticon anticon-ellipsis"
          role="img"
        >
          <svg
            aria-hidden="true"
            data-icon="ellipsis"
            fill="currentColor"
            focusable="false"
            height="1em"
            viewBox="64 64 896 896"
            width="1em"
          >
            <path
              d="M176 511a56 56 0 10112 0 56 56 0 10-112 0zm280 0a56 56 0 10112 0 56 56 0 10-112 0zm280 0a56 56 0 10112 0 56 56 0 10-112 0z"
            />
          </svg>
        </span>
        <i
          class="ant-menu-submenu-arrow"
        />
      </div>
    </li>
  </ul>
  <div
    aria-hidden="true"
    style="display: none;"
  />
</DocumentFragment>
`;
